Attachment folder name binding note name, automatically rename, automatically delete, show/hide.
附件文件夹名称绑定笔记名、自动重命名、自动删除、显示/隐藏。
